sudokyan@elegiac ~ nohup compiz --replace openbox $ sudo nano $(which sreg_store_stream)
Password: 
kyan@elegiac ~ nohup compiz --replace openbox $ sudo nano $(which sreg_read_stream)
kyan@elegiac ~ nohup compiz --replace openbox $ sudo nano $(which sreg_verify_entry)
which: no sreg_verify_entry in (/usr/local/bin/:/usr/sbin/:/sbin/:/usr/local/bin:/usr/bin:/bin:/opt/bin:/usr/x86_64-pc-linux-gnu/gcc-bin/4.9.4:/usr/tqt3/bin:/usr/trinity/14/bin:/usr/lib64/subversion/bin:/usr/games/bin:/var/spool/fax/bin:/home/kyan/.gem/ruby/2.1.0/bin)
kyan@elegiac ~ nohup compiz --replace openbox $ sudo nano $(which sreg_verify_entry)^C
kyan@elegiac ~ nohup compiz --replace openbox $ sreg_store_stream < '/run/media/kyan/disk2s1/Archive/Elliot's Reference/Purchases/Smithsonian Folkways/Songs of the Old Regular Baptists, vol. 2, purchased and downloaded 2015-Nov-29a30/MP3/Extracted 2015nov29a30 (same day as purchased and downloaded)/752H2N/Various Artists/Songs of the Old Regular Baptists, Vol. 2 - Lined-out Hymnody from Southeastern Kentucky/SFW50001_13.mp3'
bash: syntax error near unexpected token `('
kyan@elegiac ~ nohup compiz --replace openbox $ sreg_store_stream < '/run/media/kyan/disk2s1/Archive/Elliot\'s Reference/Purchases/Smithsonian Folkways/Songs of the Old Regular Baptists, vol. 2, purchased and downloaded 2015-Nov-29a30/MP3/Extracted 2015nov29a30 (same day as purchased and downloaded)/752H2N/Various Artists/Songs of the Old Regular Baptists, Vol. 2 - Lined-out Hymnody from Southeastern Kentucky/SFW50001_13.mp3'
bash: syntax error near unexpected token `('
kyan@elegiac ~ nohup compiz --replace openbox $ sreg_store_stream < '/run/media/kyan/disk2s1/Archive/Elliot'\''s Reference/Purchases/Smithsonian Folkways/Songs of the Old Regular Baptists, vol. 2, purchased and downloaded 2015-Nov-29a30/MP3/Extracted 2015nov29a30 (same day as purchased and downloaded)/752H2N/Various Artists/Songs of the Old Regular Baptists, Vol. 2 - Lined-out Hymnody from Southeastern Kentucky/SFW50001_13.mp3'
+(0) /usr/local/bin/sreg_store_stream::6:(( EUID ))
+(0) /usr/local/bin/sreg_store_stream::6:exec sudo -- /usr/local/bin/sreg_store_stream
+(0) /usr/local/bin/sreg_store_stream::6:(( EUID ))
+(0) /usr/local/bin/sreg_store_stream::13:trap 'error-notify "A fatal error was reported on ${BASH_SOURCE[0]} line ${LINENO}."; finish; exit 1' ERR
+(0) /usr/local/bin/sreg_store_stream::15:dbDir='/Ember Library/Futuramerlin Projects/Data/Stream Registry'
++(0) /usr/local/bin/sreg_store_stream::16:crystallize-getconf WorkDirectory
+(0) /usr/local/bin/sreg_store_stream::16:crystalWorkdir=/nvme0n1p5
++(0) /usr/local/bin/sreg_store_stream::18:date +%Y-%m-%d-%H-%M-%S-%N
++(0) /usr/local/bin/sreg_store_stream::18:xxd -pu
+++(0) /usr/local/bin/sreg_store_stream::18:date +%z
+(0) /usr/local/bin/sreg_store_stream::18:streamId=scache-2017-06-27-13-14-36-344421687-2d303430300a
+(0) /usr/local/bin/sreg_store_stream::19:mkdir -p /nvme0n1p5/scache-2017-06-27-13-14-36-344421687-2d303430300a
+(0) /usr/local/bin/sreg_store_stream::21:cd /nvme0n1p5/scache-2017-06-27-13-14-36-344421687-2d303430300a
+(0) /usr/local/bin/sreg_store_stream::22:sponge scache-2017-06-27-13-14-36-344421687-2d303430300a.tmp
+(0) /usr/local/bin/sreg_store_stream::24:[[ '' == \-\-\a\s\s\u\m\e\-\c\h\e\c\k\s\u\m ]]
++(1) /usr/local/bin/sreg_store_stream::29:sha512sum
++(1) /usr/local/bin/sreg_store_stream::29:awk '{print $1;}'
+(0) /usr/local/bin/sreg_store_stream::29:hashFull=35fffe1c5817046911f717cac3f10e906040b7c6a19de6f5a2a59c7db962efc453eef9fe48d8b0a770d62e23d57ed4fe05f29ecc35a5c5c44c13319b826ed002
+(0) /usr/local/bin/sreg_store_stream::31:hashA=3
+(0) /usr/local/bin/sreg_store_stream::32:hashB=5
+(0) /usr/local/bin/sreg_store_stream::33:hashC=f
+(0) /usr/local/bin/sreg_store_stream::34:hashDir='/Ember Library/Futuramerlin Projects/Data/Stream Registry/3/5/f'
+(0) /usr/local/bin/sreg_store_stream::35:mkdir -p '/Ember Library/Futuramerlin Projects/Data/Stream Registry/3/5/f'
+(0) /usr/local/bin/sreg_store_stream::36:dbFilePath='/Ember Library/Futuramerlin Projects/Data/Stream Registry/3/5/f/35fffe1c5817046911f717cac3f10e906040b7c6a19de6f5a2a59c7db962efc453eef9fe48d8b0a770d62e23d57ed4fe05f29ecc35a5c5c44c13319b826ed002'
+(0) /usr/local/bin/sreg_store_stream::37:tmpFilePath=scache-2017-06-27-13-14-36-344421687-2d303430300a.tmp.stored
++(0) /usr/local/bin/sreg_store_stream::38:du -sb scache-2017-06-27-13-14-36-344421687-2d303430300a.tmp
++(0) /usr/local/bin/sreg_store_stream::38:awk '{print $1;}'
+(0) /usr/local/bin/sreg_store_stream::38:streamSize=1273932
+(0) /usr/local/bin/sreg_store_stream::39:[[ 1273932 -gt 10000000 ]]
+(1) /usr/local/bin/sreg_store_stream::42:useLocalStore=true
+(0) /usr/local/bin/sreg_store_stream::43:localStoreDir='/Ember Library/Futuramerlin Projects/Data/Stream Registry/LocalStore/3/5/f'
+(0) /usr/local/bin/sreg_store_stream::44:mkdir -p '/Ember Library/Futuramerlin Projects/Data/Stream Registry/LocalStore/3/5/f'
+(0) /usr/local/bin/sreg_store_stream::45:localStoreFilePath='/Ember Library/Futuramerlin Projects/Data/Stream Registry/LocalStore/3/5/f/35fffe1c5817046911f717cac3f10e906040b7c6a19de6f5a2a59c7db962efc453eef9fe48d8b0a770d62e23d57ed4fe05f29ecc35a5c5c44c13319b826ed002'
+(0) /usr/local/bin/sreg_store_stream::47:[[ -f /Ember Library/Futuramerlin Projects/Data/Stream Registry/3/5/f/35fffe1c5817046911f717cac3f10e906040b7c6a19de6f5a2a59c7db962efc453eef9fe48d8b0a770d62e23d57ed4fe05f29ecc35a5c5c44c13319b826ed002 ]]
+(0) /usr/local/bin/sreg_store_stream::48:knownChecksum=35fffe1c5817046911f717cac3f10e906040b7c6a19de6f5a2a59c7db962efc453eef9fe48d8b0a770d62e23d57ed4fe05f29ecc35a5c5c44c13319b826ed002
+(0) /usr/local/bin/sreg_store_stream::49:sregi_available_by_hash
+(0) /usr/local/bin/crystallize-bash_setup:sregi_available_by_hash:36:knownChecksum=35fffe1c5817046911f717cac3f10e906040b7c6a19de6f5a2a59c7db962efc453eef9fe48d8b0a770d62e23d57ed4fe05f29ecc35a5c5c44c13319b826ed002
+(0) /usr/local/bin/crystallize-bash_setup:sregi_available_by_hash:37:hashA=3
+(0) /usr/local/bin/crystallize-bash_setup:sregi_available_by_hash:38:hashB=5
+(0) /usr/local/bin/crystallize-bash_setup:sregi_available_by_hash:39:hashC=f
+(0) /usr/local/bin/crystallize-bash_setup:sregi_available_by_hash:40:[[ -n '' ]]
+(1) /usr/local/bin/crystallize-bash_setup:sregi_available_by_hash:43:local 'availByHashPointerFile=/Ember Library/Futuramerlin Projects/Data/Stream Registry/3/5/f/35fffe1c5817046911f717cac3f10e906040b7c6a19de6f5a2a59c7db962efc453eef9fe48d8b0a770d62e23d57ed4fe05f29ecc35a5c5c44c13319b826ed002'
+(0) /usr/local/bin/crystallize-bash_setup:sregi_available_by_hash:45:[[ -e /Ember Library/Futuramerlin Projects/Data/Stream Registry/3/5/f/35fffe1c5817046911f717cac3f10e906040b7c6a19de6f5a2a59c7db962efc453eef9fe48d8b0a770d62e23d57ed4fe05f29ecc35a5c5c44c13319b826ed002 ]]
++(0) /usr/local/bin/crystallize-bash_setup:sregi_available_by_hash:48:head -c 36 '/Ember Library/Futuramerlin Projects/Data/Stream Registry/3/5/f/35fffe1c5817046911f717cac3f10e906040b7c6a19de6f5a2a59c7db962efc453eef9fe48d8b0a770d62e23d57ed4fe05f29ecc35a5c5c44c13319b826ed002'
+(0) /usr/local/bin/crystallize-bash_setup:sregi_available_by_hash:48:local innerPointerTypeSignature=2fae2004-94bb-4aa8-a01a-fc44298efc2c
+(0) /usr/local/bin/crystallize-bash_setup:sregi_available_by_hash:49:[[ 2fae2004-94bb-4aa8-a01a-fc44298efc2c == \c\3\9\f\8\6\5\7\-\3\8\4\b\-\4\3\8\b\-\a\5\a\2\-\e\e\c\e\1\7\1\4\7\5\8\9 ]]
++(0) /usr/local/bin/sreg_store_stream::51:sreg_read_stream --disallow-hash-pointer
++(0) /usr/local/bin/sreg_store_stream::51:sha512sum
++(0) /usr/local/bin/sreg_store_stream::51:awk '{print $1;}'
+(0) /usr/local/bin/sreg_read_stream::6:(( EUID ))
+(0) /usr/local/bin/sreg_read_stream::13:trap 'error-notify "A fatal error was reported on ${BASH_SOURCE[0]} line ${LINENO}."; finish; exit 1' ERR
+(0) /usr/local/bin/sreg_read_stream::14:trap finish EXIT
+(0) /usr/local/bin/sreg_read_stream::16:[[ --disallow-hash-pointer == \-\-\e\n\t\r\y\-\p\a\t\h ]]
+(0) /usr/local/bin/sreg_read_stream::21:[[ --disallow-hash-pointer == \-\-\c\h\e\c\k\s\u\m ]]
+(0) /usr/local/bin/sreg_read_stream::26:[[ --disallow-hash-pointer == \-\-\d\i\s\a\l\l\o\w\-\h\a\s\h\-\p\o\i\n\t\e\r ]]
+(0) /usr/local/bin/sreg_read_stream::27:disallowHashPointer=true
+(0) /usr/local/bin/sreg_read_stream::28:shift
+(0) /usr/local/bin/sreg_read_stream::30:skipCache=false
+(0) /usr/local/bin/sreg_read_stream::31:[[ --skip-cache == '' ]]
++(0) /usr/local/bin/sreg_read_stream::35:crystallize-getconf WorkDirectory
+(0) /usr/local/bin/sreg_read_stream::35:crystalWorkdir=/nvme0n1p5
+(0) /usr/local/bin/sreg_read_stream::36:cd /nvme0n1p5
++(0) /usr/local/bin/sreg_read_stream::37:date +%Y-%m-%d-%H-%M-%S-%N
++(0) /usr/local/bin/sreg_read_stream::37:xxd -pu
+++(0) /usr/local/bin/sreg_read_stream::37:date +%z
+(0) /usr/local/bin/sreg_read_stream::37:streamId=sreg_read_stream-2017-06-27-13-14-36-397161811-2d303430300a
+(0) /usr/local/bin/sreg_read_stream::38:dbDir='/Ember Library/Futuramerlin Projects/Data/Stream Registry/'
+(0) /usr/local/bin/sreg_read_stream::40:[[ -z '' ]]
+(0) /usr/local/bin/sreg_read_stream::41:[[ -n '' ]]
+(0) /usr/local/bin/sreg_read_stream::46:cacheDbDir=/nvme0n1p5/.StreamCache/
+(0) /usr/local/bin/sreg_read_stream::47:[[ -e /nvme0n1p5/.StreamCache/ ]]
+(0) /usr/local/bin/sreg_read_stream::52:mkdir sreg_read_stream-2017-06-27-13-14-36-397161811-2d303430300a
+(0) /usr/local/bin/sreg_read_stream::54:trap 'die "A fatal error was reported on ${BASH_SOURCE[0]} line ${LINENO}."' ERR
+(0) /usr/local/bin/sreg_read_stream::55:cd sreg_read_stream-2017-06-27-13-14-36-397161811-2d303430300a
+(0) /usr/local/bin/sreg_read_stream::56:sponge sreg_read_stream-2017-06-27-13-14-36-397161811-2d303430300a.xz
++(0) /usr/local/bin/sreg_read_stream::57:wc -c
+(0) /usr/local/bin/sreg_read_stream::57:[[ 245 -lt 166 ]]
+(0) /usr/local/bin/sreg_read_stream::66:numRetries=120
+(0) /usr/local/bin/sreg_read_stream::67:numTotalRetries=120
+(0) /usr/local/bin/sreg_read_stream::68:successfulRetrieval=0
++(0) /usr/local/bin/sreg_read_stream::70:sregi_hash_from_file sreg_read_stream-2017-06-27-13-14-36-397161811-2d303430300a.xz
++(0) /usr/local/bin/crystallize-bash_setup:sregi_hash_from_file:58:file=sreg_read_stream-2017-06-27-13-14-36-397161811-2d303430300a.xz
++(0) /usr/local/bin/crystallize-bash_setup:sregi_hash_from_file:71:set +o pipefail
++(0) /usr/local/bin/crystallize-bash_setup:sregi_hash_from_file:72:tail -c +38 sreg_read_stream-2017-06-27-13-14-36-397161811-2d303430300a.xz
++(0) /usr/local/bin/crystallize-bash_setup:sregi_hash_from_file:72:head -c 129
++(0) /usr/local/bin/crystallize-bash_setup:sregi_hash_from_file:73:pipecheck
++(0) /usr/local/bin/crystallize-bash_setup:pipecheck:61:pipeCheckTemp=("${PIPESTATUS[@]}")
++(0) /usr/local/bin/crystallize-bash_setup:pipecheck:62:[[ 0 != \1\4\1 ]]
++(0) /usr/local/bin/crystallize-bash_setup:pipecheck:62:[[ 0 != \0 ]]
++(0) /usr/local/bin/crystallize-bash_setup:pipecheck:66:[[ 0 != \0 ]]
++(0) /usr/local/bin/crystallize-bash_setup:sregi_hash_from_file:74:set -o pipefail
++(0) /usr/local/bin/crystallize-bash_setup:sregi_hash_from_file:75:unset -f pipecheck
+(0) /usr/local/bin/sreg_read_stream::70:hashFull=35fffe1c5817046911f717cac3f10e906040b7c6a19de6f5a2a59c7db962efc453eef9fe48d8b0a770d62e23d57ed4fe05f29ecc35a5c5c44c13319b826ed002
+(0) /usr/local/bin/sreg_read_stream::71:[[ -n '' ]]
+(0) /usr/local/bin/sreg_read_stream::79:hashA=3
+(0) /usr/local/bin/sreg_read_stream::80:hashB=5
+(0) /usr/local/bin/sreg_read_stream::81:hashC=f
+(0) /usr/local/bin/sreg_read_stream::83:hashSubdir=3/5/f
+(0) /usr/local/bin/sreg_read_stream::84:hashDir=/nvme0n1p5/.StreamCache//3/5/f
+(0) /usr/local/bin/sreg_read_stream::85:mkdir -p /nvme0n1p5/.StreamCache//3/5/f
+(0) /usr/local/bin/sreg_read_stream::86:dbLinkPath=/nvme0n1p5/.StreamCache//3/5/f/35fffe1c5817046911f717cac3f10e906040b7c6a19de6f5a2a59c7db962efc453eef9fe48d8b0a770d62e23d57ed4fe05f29ecc35a5c5c44c13319b826ed002
+(0) /usr/local/bin/sreg_read_stream::87:trap 'warn "A nonfatal error was reported on ${BASH_SOURCE[0]} line ${LINENO}."' ERR
+(0) /usr/local/bin/sreg_read_stream::88:[[ 120 -gt 0 ]]
+(0) /usr/local/bin/sreg_read_stream::88:[[ 0 -eq 0 ]]
+(0) /usr/local/bin/sreg_read_stream::89:trap 'warn "A nonfatal error was reported on ${BASH_SOURCE[0]} line ${LINENO}."' ERR
+(0) /usr/local/bin/sreg_read_stream::90:[[ 120 -lt 120 ]]
+(0) /usr/local/bin/sreg_read_stream::94:numRetries=119
+(0) /usr/local/bin/sreg_read_stream::95:[[ ! -h /nvme0n1p5/.StreamCache//3/5/f/35fffe1c5817046911f717cac3f10e906040b7c6a19de6f5a2a59c7db962efc453eef9fe48d8b0a770d62e23d57ed4fe05f29ecc35a5c5c44c13319b826ed002 ]]
+(0) /usr/local/bin/sreg_read_stream::96:[[ false == \t\r\u\e ]]
+(1) /usr/local/bin/sreg_read_stream::107:[[ -f /nvme0n1p5/.StreamCache//3/5/f/35fffe1c5817046911f717cac3f10e906040b7c6a19de6f5a2a59c7db962efc453eef9fe48d8b0a770d62e23d57ed4fe05f29ecc35a5c5c44c13319b826ed002 ]]
+(0) /usr/local/bin/sreg_read_stream::111:requestCount=1
+(0) /usr/local/bin/sreg_read_stream::112:rm /nvme0n1p5/.StreamCache//3/5/f/35fffe1c5817046911f717cac3f10e906040b7c6a19de6f5a2a59c7db962efc453eef9fe48d8b0a770d62e23d57ed4fe05f29ecc35a5c5c44c13319b826ed002
+(0) /usr/local/bin/sreg_read_stream::115:dbFileDir=/nvme0n1p5/.StreamCache//ByCount/1/3/5/f
+(0) /usr/local/bin/sreg_read_stream::116:dbFilePath=/nvme0n1p5/.StreamCache//ByCount/1/3/5/f/35fffe1c5817046911f717cac3f10e906040b7c6a19de6f5a2a59c7db962efc453eef9fe48d8b0a770d62e23d57ed4fe05f29ecc35a5c5c44c13319b826ed002
+(0) /usr/local/bin/sreg_read_stream::117:mkdir -p /nvme0n1p5/.StreamCache//ByCount/1/3/5/f
++(0) /usr/local/bin/sreg_read_stream::119:head -c 36 sreg_read_stream-2017-06-27-13-14-36-397161811-2d303430300a.xz
+(0) /usr/local/bin/sreg_read_stream::119:pointerTypeSignature=2fae2004-94bb-4aa8-a01a-fc44298efc2c
+(0) /usr/local/bin/sreg_read_stream::120:[[ 2fae2004-94bb-4aa8-a01a-fc44298efc2c == \a\5\e\2\f\2\9\6\-\3\0\8\5\-\4\9\c\0\-\8\f\4\8\-\2\4\e\a\4\3\6\b\7\a\8\b ]]
+(1) /usr/local/bin/sreg_read_stream::125:[[ 2fae2004-94bb-4aa8-a01a-fc44298efc2c == \c\3\9\f\8\6\5\7\-\3\8\4\b\-\4\3\8\b\-\a\5\a\2\-\e\e\c\e\1\7\1\4\7\5\8\9 ]]
+(1) /usr/local/bin/sreg_read_stream::129:[[ 2fae2004-94bb-4aa8-a01a-fc44298efc2c == \2\0\9\f\c\f\d\f\-\d\1\a\d\-\4\3\4\5\-\8\e\f\7\-\1\f\d\c\2\d\5\8\3\d\4\9 ]]
+(1) /usr/local/bin/sreg_read_stream::129:[[ 2fae2004-94bb-4aa8-a01a-fc44298efc2c == \2\f\a\e\2\0\0\4\-\9\4\b\b\-\4\a\a\8\-\a\0\1\a\-\f\c\4\4\2\9\8\e\f\c\2\c ]]
+(0) /usr/local/bin/sreg_read_stream::131:[[ 2fae2004-94bb-4aa8-a01a-fc44298efc2c == \2\0\9\f\c\f\d\f\-\d\1\a\d\-\4\3\4\5\-\8\e\f\7\-\1\f\d\c\2\d\5\8\3\d\4\9 ]]
++(1) /usr/local/bin/sreg_read_stream::136:tail -c +167 sreg_read_stream-2017-06-27-13-14-36-397161811-2d303430300a.xz
+(0) /usr/local/bin/sreg_read_stream::136:packName=sreg_flush_localstore-2017-06-22-16-59-06-493229977-2d303430300a.bundle.pointer
+(0) /usr/local/bin/sreg_read_stream::137:unxz --stdout -
+(0) /usr/local/bin/sreg_read_stream::137:tar -xf -
+(0) /usr/local/bin/sreg_read_stream::139:trap 'warn "A nonfatal error was reported on ${BASH_SOURCE[0]} line ${LINENO}."' ERR
+(0) /usr/local/bin/sreg_read_stream::140:[[ -e /nvme0n1p5/.LocalStoreCache/ ]]
+(0) /usr/local/bin/sreg_read_stream::143:crystalFilePattern='.*.crystal-data'
+(0) /usr/local/bin/sreg_read_stream::144:crystalFilePatternMatches=($crystalFilePattern)
+(0) /usr/local/bin/sreg_read_stream::145:localStoreCrystalName=.sreg_flush_localstore-2017-06-22-16-59-06-493229977-2d303430300a.LocalStore.crystal-data
+(0) /usr/local/bin/sreg_read_stream::146:[[ -e .sreg_flush_localstore-2017-06-22-16-59-06-493229977-2d303430300a.LocalStore.crystal-data ]]
+(0) /usr/local/bin/sreg_read_stream::149:localStoreCrystalIdentifier=C3-20170622165906771257725_2d303430300a950361a491c3440388fbffb0d4437900
++(0) /usr/local/bin/sreg_read_stream::150:localstorecache_request /nvme0n1p5/.LocalStoreCache/ C3-20170622165906771257725_2d303430300a950361a491c3440388fbffb0d4437900
+(0) /usr/local/bin/sreg_read_stream::150:localstoreLocation=/nvme0n1p5/.LocalStoreCache//d/f/6/df61cdf120a5baabee181cf55b6d852e2ed7ec8eeedadc5d0a499ada8d213be65908790e1b3b686449d40399dcc66d78cc37a1127fc2452ea13b4273c41be3a1
+(0) /usr/local/bin/sreg_read_stream::151:unxz --stdout -
/usr/local/bin/sreg_read_stream: line 151: /nvme0n1p5/.LocalStoreCache//d/f/6/df61cdf120a5baabee181cf55b6d852e2ed7ec8eeedadc5d0a499ada8d213be65908790e1b3b686449d40399dcc66d78cc37a1127fc2452ea13b4273c41be3a1/scache-*.LocalStore/3/5/f/35fffe1c5817046911f717cac3f10e906040b7c6a19de6f5a2a59c7db962efc453eef9fe48d8b0a770d62e23d57ed4fe05f29ecc35a5c5c44c13319b826ed002: No such file or directory
++(1) /usr/local/bin/sreg_read_stream::151:warn 'A nonfatal error was reported on /usr/local/bin/sreg_read_stream line 151.'
bash /usr/local/bin/sreg_read_stream --disallow-hash-pointer
sends the warning:
A nonfatal error was reported on /usr/local/bin/sreg_read_stream line 151.
+(1) /usr/local/bin/sreg_read_stream::169:xz --stdout -0 sreg_read_stream-2017-06-27-13-14-36-397161811-2d303430300a.out
xz: sreg_read_stream-2017-06-27-13-14-36-397161811-2d303430300a.out: No such file or directory
++(1) /usr/local/bin/sreg_read_stream::169:warn 'A nonfatal error was reported on /usr/local/bin/sreg_read_stream line 169.'
bash /usr/local/bin/sreg_read_stream --disallow-hash-pointer
sends the warning:
A nonfatal error was reported on /usr/local/bin/sreg_read_stream line 169.
+(1) /usr/local/bin/sreg_read_stream::170:rm sreg_read_stream-2017-06-27-13-14-36-397161811-2d303430300a.out
rm: cannot remove 'sreg_read_stream-2017-06-27-13-14-36-397161811-2d303430300a.out': No such file or directory
++(1) /usr/local/bin/sreg_read_stream::170:warn 'A nonfatal error was reported on /usr/local/bin/sreg_read_stream line 170.'
bash /usr/local/bin/sreg_read_stream --disallow-hash-pointer
sends the warning:
A nonfatal error was reported on /usr/local/bin/sreg_read_stream line 170.
+(1) /usr/local/bin/sreg_read_stream::171:[[ -e /nvme0n1p5/.StreamCache//3/5/f/35fffe1c5817046911f717cac3f10e906040b7c6a19de6f5a2a59c7db962efc453eef9fe48d8b0a770d62e23d57ed4fe05f29ecc35a5c5c44c13319b826ed002 ]]
+(0) /usr/local/bin/sreg_read_stream::174:ln -s /nvme0n1p5/.StreamCache//ByCount/1/3/5/f/35fffe1c5817046911f717cac3f10e906040b7c6a19de6f5a2a59c7db962efc453eef9fe48d8b0a770d62e23d57ed4fe05f29ecc35a5c5c44c13319b826ed002 /nvme0n1p5/.StreamCache//3/5/f/35fffe1c5817046911f717cac3f10e906040b7c6a19de6f5a2a59c7db962efc453eef9fe48d8b0a770d62e23d57ed4fe05f29ecc35a5c5c44c13319b826ed002
++(0) /usr/local/bin/sreg_read_stream::176:readlink -e /nvme0n1p5/.StreamCache//3/5/f/35fffe1c5817046911f717cac3f10e906040b7c6a19de6f5a2a59c7db962efc453eef9fe48d8b0a770d62e23d57ed4fe05f29ecc35a5c5c44c13319b826ed002
+(0) /usr/local/bin/sreg_read_stream::176:dbFilePath=/nvme0n1p5/.StreamCache/ByCount/1/3/5/f/35fffe1c5817046911f717cac3f10e906040b7c6a19de6f5a2a59c7db962efc453eef9fe48d8b0a770d62e23d57ed4fe05f29ecc35a5c5c44c13319b826ed002
+(0) /usr/local/bin/sreg_read_stream::178:[[ -f /nvme0n1p5/.StreamCache/ByCount/1/3/5/f/35fffe1c5817046911f717cac3f10e906040b7c6a19de6f5a2a59c7db962efc453eef9fe48d8b0a770d62e23d57ed4fe05f29ecc35a5c5c44c13319b826ed002 ]]
+(0) /usr/local/bin/sreg_read_stream::182:dbFileOldPath=/nvme0n1p5/.StreamCache/ByCount/1/3/5/f/35fffe1c5817046911f717cac3f10e906040b7c6a19de6f5a2a59c7db962efc453eef9fe48d8b0a770d62e23d57ed4fe05f29ecc35a5c5c44c13319b826ed002
++(0) /usr/local/bin/sreg_read_stream::183:dirname /nvme0n1p5/.StreamCache/ByCount/1/3/5/f/35fffe1c5817046911f717cac3f10e906040b7c6a19de6f5a2a59c7db962efc453eef9fe48d8b0a770d62e23d57ed4fe05f29ecc35a5c5c44c13319b826ed002
+(0) /usr/local/bin/sreg_read_stream::183:dbFileDir=/nvme0n1p5/.StreamCache/ByCount/1/3/5/f
+++++(0) /usr/local/bin/sreg_read_stream::185:dirname /nvme0n1p5/.StreamCache/ByCount/1/3/5/f
++++(0) /usr/local/bin/sreg_read_stream::185:dirname /nvme0n1p5/.StreamCache/ByCount/1/3/5
+++(0) /usr/local/bin/sreg_read_stream::185:dirname /nvme0n1p5/.StreamCache/ByCount/1/3
++(0) /usr/local/bin/sreg_read_stream::185:basename /nvme0n1p5/.StreamCache/ByCount/1
+(0) /usr/local/bin/sreg_read_stream::185:oldCount=1
+(0) /usr/local/bin/sreg_read_stream::186:[[ 1 =~ ^-?[0-9]+$ ]]
+(0) /usr/local/bin/sreg_read_stream::191:requestCount=2
+(0) /usr/local/bin/sreg_read_stream::193:dbFileDir=/nvme0n1p5/.StreamCache//ByCount/2/3/5/f
+(0) /usr/local/bin/sreg_read_stream::194:dbFilePath=/nvme0n1p5/.StreamCache//ByCount/2/3/5/f/35fffe1c5817046911f717cac3f10e906040b7c6a19de6f5a2a59c7db962efc453eef9fe48d8b0a770d62e23d57ed4fe05f29ecc35a5c5c44c13319b826ed002
+(0) /usr/local/bin/sreg_read_stream::195:mkdir -p /nvme0n1p5/.StreamCache//ByCount/2/3/5/f
+(0) /usr/local/bin/sreg_read_stream::196:mv /nvme0n1p5/.StreamCache/ByCount/1/3/5/f/35fffe1c5817046911f717cac3f10e906040b7c6a19de6f5a2a59c7db962efc453eef9fe48d8b0a770d62e23d57ed4fe05f29ecc35a5c5c44c13319b826ed002 /nvme0n1p5/.StreamCache//ByCount/2/3/5/f/35fffe1c5817046911f717cac3f10e906040b7c6a19de6f5a2a59c7db962efc453eef9fe48d8b0a770d62e23d57ed4fe05f29ecc35a5c5c44c13319b826ed002
+(0) /usr/local/bin/sreg_read_stream::197:ln -sf /nvme0n1p5/.StreamCache//ByCount/2/3/5/f/35fffe1c5817046911f717cac3f10e906040b7c6a19de6f5a2a59c7db962efc453eef9fe48d8b0a770d62e23d57ed4fe05f29ecc35a5c5c44c13319b826ed002 /nvme0n1p5/.StreamCache//3/5/f/35fffe1c5817046911f717cac3f10e906040b7c6a19de6f5a2a59c7db962efc453eef9fe48d8b0a770d62e23d57ed4fe05f29ecc35a5c5c44c13319b826ed002
+(0) /usr/local/bin/sreg_read_stream::199:decompressedCacheEntry=sreg_read_stream-2017-06-27-13-14-36-397161811-2d303430300a.dat
+(0) /usr/local/bin/sreg_read_stream::200:unxz --stdout -
unxz: (stdin): File format not recognized
++(1) /usr/local/bin/sreg_read_stream::200:warn 'A nonfatal error was reported on /usr/local/bin/sreg_read_stream line 200.'
bash /usr/local/bin/sreg_read_stream --disallow-hash-pointer
sends the warning:
A nonfatal error was reported on /usr/local/bin/sreg_read_stream line 200.
++(1) /usr/local/bin/sreg_read_stream::201:sha512sum
++(1) /usr/local/bin/sreg_read_stream::201:awk '{print $1;}'
+(0) /usr/local/bin/sreg_read_stream::201:retrievedHash=cf83e1357eefb8bdf1542850d66d8007d620e4050b5715dc83f4a921d36ce9ce47d0d13c5d85f2b0ff8318d2877eec2f63b931bd47417a81a538327af927da3e
+(0) /usr/local/bin/sreg_read_stream::202:[[ cf83e1357eefb8bdf1542850d66d8007d620e4050b5715dc83f4a921d36ce9ce47d0d13c5d85f2b0ff8318d2877eec2f63b931bd47417a81a538327af927da3e != \3\5\f\f\f\e\1\c\5\8\1\7\0\4\6\9\1\1\f\7\1\7\c\a\c\3\f\1\0\e\9\0\6\0\4\0\b\7\c\6\a\1\9\d\e\6\f\5\a\2\a\5\9\c\7\d\b\9\6\2\e\f\c\4\5\3\e\e\f\9\f\e\4\8\d\8\b\0\a\7\7\0\d\6\2\e\2\3\d\5\7\e\d\4\f\e\0\5\f\2\9\e\c\c\3\5\a\5\c\5\c\4\4\c\1\3\3\1\9\b\8\2\6\e\d\0\0\2 ]]
+(0) /usr/local/bin/sreg_read_stream::203:rm /nvme0n1p5/.StreamCache//ByCount/2/3/5/f/35fffe1c5817046911f717cac3f10e906040b7c6a19de6f5a2a59c7db962efc453eef9fe48d8b0a770d62e23d57ed4fe05f29ecc35a5c5c44c13319b826ed002 /nvme0n1p5/.StreamCache//3/5/f/35fffe1c5817046911f717cac3f10e906040b7c6a19de6f5a2a59c7db962efc453eef9fe48d8b0a770d62e23d57ed4fe05f29ecc35a5c5c44c13319b826ed002
+(0) /usr/local/bin/sreg_read_stream::204:echo 1
+(0) /usr/local/bin/sreg_read_stream::208:error-notify 'Checksum mismatch when retrieving the requested stream!'
bash /usr/local/bin/sreg_read_stream --disallow-hash-pointer
failed with the error:
Checksum mismatch when retrieving the requested stream!
++(1) /usr/local/bin/sreg_read_stream::208:warn 'A nonfatal error was reported on /usr/local/bin/sreg_read_stream line 208.'
bash /usr/local/bin/sreg_read_stream --disallow-hash-pointer
sends the warning:
A nonfatal error was reported on /usr/local/bin/sreg_read_stream line 208.
+(1) /usr/local/bin/sreg_read_stream::88:[[ 119 -gt 0 ]]
+(0) /usr/local/bin/sreg_read_stream::88:[[ 0 -eq 0 ]]
+(0) /usr/local/bin/sreg_read_stream::89:trap 'warn "A nonfatal error was reported on ${BASH_SOURCE[0]} line ${LINENO}."' ERR
+(0) /usr/local/bin/sreg_read_stream::90:[[ 119 -lt 120 ]]
+(0) /usr/local/bin/sreg_read_stream::91:sleep 30
^C++(0) /usr/local/bin/sreg_read_stream::1:finish
++(0) /usr/local/bin/sreg_read_stream:finish:9:[[ -e sreg_read_stream-2017-06-27-13-14-36-397161811-2d303430300a ]]
++(0) /usr/local/bin/sreg_read_stream:finish:10:rm -r sreg_read_stream-2017-06-27-13-14-36-397161811-2d303430300a

/bin/bash
failed with the error:
An error was reported on  line 7.
kyan@elegiac ~ nohup compiz --replace openbox $ 
kyan@elegiac ~ nohup compiz --replace openbox $ 
